################################################################################
#                                                                              #
#      IAR Universal Linker V6.5.1.95                                          #
#                                                                              #
#           Link time     =  12/Aug/2022  11:37:38                             #
#           Target CPU    =  MSP430                                            #
#           List file     =  C:\Users\HUNGNGUYEN\Desktop\ADC10MEN\Debug\List\A #
#                            DC.map                                            #
#           Output file 1 =  C:\Users\HUNGNGUYEN\Desktop\ADC10MEN\Debug\Exe\AD #
#                            C.hex                                             #
#                            Format: intel-extended                            #
#           Command line  =  -f                                                #
#                            C:\Users\HUNGNG~1\AppData\Local\Temp\EW62B.tmp    #
#                            (C:\Users\HUNGNGUYEN\Desktop\ADC10MEN\Debug\Obj\m #
#                            ain.r43                                           #
#                            -o                                                #
#                            C:\Users\HUNGNGUYEN\Desktop\ADC10MEN\Debug\Exe\AD #
#                            C.hex                                             #
#                            -Fintel-extended -l                               #
#                            C:\Users\HUNGNGUYEN\Desktop\ADC10MEN\Debug\List\A #
#                            DC.map                                            #
#                            -xms                                              #
#                            "-IC:\Program Files (x86)\IAR Systems\Embedded Wo #
#                            rkbench 8.0\430\LIB\"                             #
#                            -f                                                #
#                            "C:\Program Files (x86)\IAR Systems\Embedded Work #
#                            bench 8.0\430\config\linker\lnk430f2122.xcl"      #
#                            (-cmsp430 -QCODE_I=CODE_ID -QTLS16_I=TLS16_ID     #
#                            -Z(CONST)INFO=1000-10FF                           #
#                            -Z(CONST)INFOA=10C0-10FF                          #
#                            -Z(CONST)INFOB=1080-10BF                          #
#                            -Z(CONST)INFOC=1040-107F                          #
#                            -Z(CONST)INFOD=1000-103F                          #
#                            -Z(DATA)DATA16_I,DATA16_Z,DATA16_N,TLS16_I=0200-0 #
#                            3FF                                               #
#                            -Z(DATA)DATA16_HEAP+_DATA16_HEAP_SIZE             #
#                            -Z(DATA)CODE_I -Z(DATA)CSTACK+_STACK_SIZE#        #
#                            -Z(CONST)DATA16_C,DATA16_ID,TLS16_ID,DIFUNCT,CHEC #
#                            KSUM=F000-FFDD                                    #
#                            -Z(CODE)CSTART,ISR_CODE,CODE_ID=F000-FFDD         #
#                            -P(CODE)CODE=F000-FFDD                            #
#                            -Z(CONST)SIGNATURE=FFDE-FFDF                      #
#                            -Z(CODE)INTVEC=FFE0-FFFF                          #
#                            -Z(CODE)RESET=FFFE-FFFF) -D_STACK_SIZE=50         #
#                            "C:\Program Files (x86)\IAR Systems\Embedded Work #
#                            bench 8.0\430\lib\dlib\dl430fn.r43"               #
#                            -e_PrintfLarge=_Printf -e_ScanfLarge=_Scanf       #
#                            -D_DATA16_HEAP_SIZE=50 -s __program_start         #
#                            -D_DATA20_HEAP_SIZE=50)                           #
#                                                                              #
#                           Copyright (C) 1987-2016 IAR Systems AB.            #
################################################################################





                ****************************************
                *                                      *
                *           CROSS REFERENCE            *
                *                                      *
                ****************************************

       Program entry at :           F016  Relocatable, from module : ?cstart




                ****************************************
                *                                      *
                *            RUNTIME MODEL             *
                *                                      *
                ****************************************

  __Heap_Handler             = Basic
  __SystemLibrary            = DLib
  __core                     = 430
  __dlib_file_descriptor     = 0
  __dlib_full_locale_support = 0
  __double_size              = 32
  __pic                      = no
  __reg_r4                   = free
  __reg_r5                   = free
  __rt_version               = 3

                ****************************************
                *                                      *
                *    AUTOMATIC SYMBOL REDIRECTIONS     *
                *                                      *
                ****************************************

                  There are no automatic symbol redirections.



                ****************************************
                *                                      *
                *              MODULE MAP              *
                *                                      *
                ****************************************


  DEFINED ABSOLUTE ENTRIES
    *************************************************************************

  DEFINED ABSOLUTE ENTRIES
  PROGRAM MODULE, NAME : ?ABS_ENTRY_MOD

Absolute parts
           ENTRY                   ADDRESS         REF BY
           =====                   =======         ======
           _DATA20_HEAP_SIZE       0050 
           _DATA16_HEAP_SIZE       0050 
           _STACK_SIZE             0050 
    *************************************************************************

  FILE NAME : C:\Users\HUNGNGUYEN\Desktop\ADC10MEN\Debug\Obj\main.r43
  PROGRAM MODULE, NAME : main

  SEGMENTS IN THE MODULE
  ======================
DATA16_AN
  Relative segment, address: 004A - 004A (0x1 bytes), align: 0
  Segment part 1. ROOT        Intra module refs:   Read_LM35
           ENTRY                   ADDRESS         REF BY
           =====                   =======         ======
           ADC10AE0                004A 
    -------------------------------------------------------------------------
DATA16_AN
  Relative segment, address: 01B0 - 01B1 (0x2 bytes), align: 0
  Segment part 2. ROOT        Intra module refs:   Read_LM35
           ENTRY                   ADDRESS         REF BY
           =====                   =======         ======
           ADC10CTL0               01B0 
    -------------------------------------------------------------------------
DATA16_AN
  Relative segment, address: 01B2 - 01B3 (0x2 bytes), align: 0
  Segment part 3. ROOT        Intra module refs:   Read_LM35
           ENTRY                   ADDRESS         REF BY
           =====                   =======         ======
           ADC10CTL1               01B2 
    -------------------------------------------------------------------------
DATA16_AN
  Relative segment, address: 01B4 - 01B5 (0x2 bytes), align: 0
  Segment part 4. ROOT        Intra module refs:   Read_LM35
           ENTRY                   ADDRESS         REF BY
           =====                   =======         ======
           ADC10MEM                01B4 
    -------------------------------------------------------------------------
DATA16_AN
  Relative segment, address: 0056 - 0056 (0x1 bytes), align: 0
  Segment part 5. ROOT        Intra module refs:   main
           ENTRY                   ADDRESS         REF BY
           =====                   =======         ======
           DCOCTL                  0056 
    -------------------------------------------------------------------------
DATA16_AN
  Relative segment, address: 0057 - 0057 (0x1 bytes), align: 0
  Segment part 6. ROOT        Intra module refs:   main
           ENTRY                   ADDRESS         REF BY
           =====                   =======         ======
           BCSCTL1                 0057 
    -------------------------------------------------------------------------
DATA16_AN
  Relative segment, address: 0021 - 0021 (0x1 bytes), align: 0
  Segment part 7. ROOT        Intra module refs:   Ghi_data_LCD
                                                   Ghi_lenh_LCD
                                                   Khoi_tao_LCD
                                                   Xung_LCD
           ENTRY                   ADDRESS         REF BY
           =====                   =======         ======
           P1OUT                   0021 
    -------------------------------------------------------------------------
DATA16_AN
  Relative segment, address: 0022 - 0022 (0x1 bytes), align: 0
  Segment part 8. ROOT        Intra module refs:   Khoi_tao_LCD
           ENTRY                   ADDRESS         REF BY
           =====                   =======         ======
           P1DIR                   0022 
    -------------------------------------------------------------------------
DATA16_AN
  Relative segment, address: 0029 - 0029 (0x1 bytes), align: 0
  Segment part 9. ROOT        Intra module refs:   main
           ENTRY                   ADDRESS         REF BY
           =====                   =======         ======
           P2OUT                   0029 
    -------------------------------------------------------------------------
DATA16_AN
  Relative segment, address: 002A - 002A (0x1 bytes), align: 0
  Segment part 10. ROOT       Intra module refs:   main
           ENTRY                   ADDRESS         REF BY
           =====                   =======         ======
           P2DIR                   002A 
    -------------------------------------------------------------------------
DATA16_AN
  Relative segment, address: 0120 - 0121 (0x2 bytes), align: 0
  Segment part 11. ROOT       Intra module refs:   main
           ENTRY                   ADDRESS         REF BY
           =====                   =======         ======
           WDTCTL                  0120 
    -------------------------------------------------------------------------
DATA16_AN
  Relative segment, address: 10FE - 10FE (0x1 bytes), align: 0
  Segment part 12. ROOT       Intra module refs:   main
           ENTRY                   ADDRESS         REF BY
           =====                   =======         ======
           CALDCO_1MHZ             10FE 
    -------------------------------------------------------------------------
DATA16_AN
  Relative segment, address: 10FF - 10FF (0x1 bytes), align: 0
  Segment part 13. ROOT       Intra module refs:   main
           ENTRY                   ADDRESS         REF BY
           =====                   =======         ======
           CALBC1_1MHZ             10FF 
    -------------------------------------------------------------------------
<CODE> 1 (was CODE)
  Relative segment, address: F51A - F537 (0x1e bytes), align: 1
  Segment part 18.            Intra module refs:   Ghi_data_LCD
                                                   Ghi_lenh_LCD
                                                   Khoi_tao_LCD
           ENTRY                   ADDRESS         REF BY
           =====                   =======         ======
           Xung_LCD                F51A 
    -------------------------------------------------------------------------
<CODE> 1 (was CODE)
  Relative segment, address: F4C4 - F4F1 (0x2e bytes), align: 1
  Segment part 19.            Intra module refs:   Khoi_tao_LCD
                                                   Vi_tri
           ENTRY                   ADDRESS         REF BY
           =====                   =======         ======
           Ghi_lenh_LCD            F4C4 
               calls direct
    -------------------------------------------------------------------------
<CODE> 1 (was CODE)
  Relative segment, address: F496 - F4C3 (0x2e bytes), align: 1
  Segment part 20.            Intra module refs:   In_chuoi
           ENTRY                   ADDRESS         REF BY
           =====                   =======         ======
           Ghi_data_LCD            F496 
               calls direct
    -------------------------------------------------------------------------
<CODE> 1 (was CODE)
  Relative segment, address: F466 - F495 (0x30 bytes), align: 1
  Segment part 21.            Intra module refs:   main
           ENTRY                   ADDRESS         REF BY
           =====                   =======         ======
           Vi_tri                  F466 
               calls direct
    -------------------------------------------------------------------------
<CODE> 1 (was CODE)
  Relative segment, address: F4F2 - F519 (0x28 bytes), align: 1
  Segment part 23.            Intra module refs:   main
           ENTRY                   ADDRESS         REF BY
           =====                   =======         ======
           Khoi_tao_LCD            F4F2 
               calls direct
    -------------------------------------------------------------------------
<CODE> 1 (was CODE)
  Relative segment, address: F538 - F553 (0x1c bytes), align: 1
  Segment part 24.            Intra module refs:   In_so
                                                   main
           ENTRY                   ADDRESS         REF BY
           =====                   =======         ======
           In_chuoi                F538 
               calls direct
    -------------------------------------------------------------------------
DATA16_Z
  Relative segment, address: 0200 - 0202 (0x3 bytes), align: 0
  Segment part 17.            Intra module refs:   In_so
           ENTRY                   ADDRESS         REF BY
           =====                   =======         ======
           arr                     0200 
    -------------------------------------------------------------------------
<CODE> 1 (was CODE)
  Relative segment, address: F402 - F433 (0x32 bytes), align: 1
  Segment part 25.            Intra module refs:   In_so
           ENTRY                   ADDRESS         REF BY
           =====                   =======         ======
           DOI                     F402 
               calls direct
    -------------------------------------------------------------------------
<CODE> 1 (was CODE)
  Relative segment, address: F56C - F57D (0x12 bytes), align: 1
  Segment part 26.            Intra module refs:   main
           ENTRY                   ADDRESS         REF BY
           =====                   =======         ======
           In_so                   F56C 
               calls direct
    -------------------------------------------------------------------------
<CODE> 1 (was CODE)
  Relative segment, address: F2EC - F363 (0x78 bytes), align: 1
  Segment part 27.            Intra module refs:   main
           ENTRY                   ADDRESS         REF BY
           =====                   =======         ======
           Read_LM35               F2EC 
               calls direct
    -------------------------------------------------------------------------
<CODE> 1 (was CODE)
  Relative segment, address: F364 - F3B5 (0x52 bytes), align: 1
  Segment part 28.
           ENTRY                   ADDRESS         REF BY
           =====                   =======         ======
           main                    F364            Segment part 19 (?cstart)
               calls direct
    -------------------------------------------------------------------------
DATA16_C
  Relative segment, address: F000 - F009 (0xa bytes), align: 1
  Segment part 15.            Intra module refs:   Vi_tri
    -------------------------------------------------------------------------
DATA16_C
  Relative segment, address: F00A - F014 (0xb bytes), align: 0
  Segment part 16.            Intra module refs:   main

    *************************************************************************

  FILE NAME : C:\Program Files (x86)\IAR Systems\Embedded Workbench 8.0\430\lib\dlib\dl430fn.r43
  LIBRARY MODULE, NAME : ?_exit

  SEGMENTS IN THE MODULE
  ======================
<CODE> 1 (was CODE)
  Relative segment, address: F59A, align: 1
  Segment part 0.
           ENTRY                   ADDRESS         REF BY
           =====                   =======         ======
           _exit                   F59A            exit (?exit)
    -------------------------------------------------------------------------
<CODE> 1 (was CODE)
  Relative segment, address: F59A - F59D (0x4 bytes), align: 1
  Segment part 6.             Intra module refs:   _exit

    -------------------------------------------------------------------------
  LIBRARY MODULE, NAME : ?cstart

  SEGMENTS IN THE MODULE
  ======================
CSTACK
  Relative segment, address: 03B0, align: 1
  Segment part 1.
    -------------------------------------------------------------------------
DATA16_Z
  Relative segment, address: 0200, align: 1
  Segment part 2.
    -------------------------------------------------------------------------
CSTART
  Relative segment, address: F016 - F019 (0x4 bytes), align: 1
  Segment part 9.
           ENTRY                   ADDRESS         REF BY
           =====                   =======         ======
           __program_start         F016            ?reset_vector (?reset_vector)
                                                   Absolute parts (?ABS_ENTRY_MOD)
           ?cstart_begin           F016 
    -------------------------------------------------------------------------
CSTART
  Relative segment, address: F01A - F025 (0xc bytes), align: 1
  Segment part 14.
           ENTRY                   ADDRESS         REF BY
           =====                   =======         ======
           ?cstart_init_zero       F01A            arr (main)
    -------------------------------------------------------------------------
CSTART
  Relative segment, address: F026 - F02D (0x8 bytes), align: 1
  Segment part 19.            Intra module refs:   Segment part 9
           ENTRY                   ADDRESS         REF BY
           =====                   =======         ======
           ?cstart_call_main       F026 
           ?cstart_end             F02E 

    -------------------------------------------------------------------------
  LIBRARY MODULE, NAME : ?reset_vector

  SEGMENTS IN THE MODULE
  ======================
RESET
  Relative segment, address: FFFE - FFFF (0x2 bytes), align: 1
  Segment part 0.
           ENTRY                   ADDRESS         REF BY
           =====                   =======         ======
           ?reset_vector           FFFE            Segment part 9 (?cstart)

    -------------------------------------------------------------------------
  LIBRARY MODULE, NAME : ?exit

  SEGMENTS IN THE MODULE
  ======================
<CODE> 1 (was CODE)
  Relative segment, address: F59E - F5A1 (0x4 bytes), align: 1
  Segment part 2.
           ENTRY                   ADDRESS         REF BY
           =====                   =======         ======
           exit                    F59E            Segment part 19 (?cstart)
               calls direct

    -------------------------------------------------------------------------
  LIBRARY MODULE, NAME : ?Cast32f32i

  SEGMENTS IN THE MODULE
  ======================
<CODE> 1 (was CODE)
  Relative segment, address: F26E - F2EB (0x7e bytes), align: 1
  Segment part 1.
           ENTRY                   ADDRESS         REF BY
           =====                   =======         ======
           _Cast32uto32f           F26E            Read_LM35 (main)

    -------------------------------------------------------------------------
  LIBRARY MODULE, NAME : _Cast32fto32s

  SEGMENTS IN THE MODULE
  ======================
<CODE> 1 (was CODE)
  Relative segment, address: F434 - F465 (0x32 bytes), align: 1
  Segment part 0.
           ENTRY                   ADDRESS         REF BY
           =====                   =======         ======
           _Cast32fto32s           F434            Read_LM35 (main)

    -------------------------------------------------------------------------
  LIBRARY MODULE, NAME : ?FLT_Extract

  SEGMENTS IN THE MODULE
  ======================
<CODE> 1 (was CODE)
  Relative segment, address: F3B6 - F401 (0x4c bytes), align: 1
  Segment part 0.
           ENTRY                   ADDRESS         REF BY
           =====                   =======         ======
           ?FLT_Extract            F3B6            _Cast32fto32s (_Cast32fto32s)

    -------------------------------------------------------------------------
  LIBRARY MODULE, NAME : _Mul32f

  SEGMENTS IN THE MODULE
  ======================
<CODE> 1 (was CODE)
  Relative segment, address: F15E - F26D (0x110 bytes), align: 1
  Segment part 0.
           ENTRY                   ADDRESS         REF BY
           =====                   =======         ======
           _Mul32f                 F15E            Read_LM35 (main)

    -------------------------------------------------------------------------
  LIBRARY MODULE, NAME : _Div32f

  SEGMENTS IN THE MODULE
  ======================
<CODE> 1 (was CODE)
  Relative segment, address: F02E - F15D (0x130 bytes), align: 1
  Segment part 0.
           ENTRY                   ADDRESS         REF BY
           =====                   =======         ======
           _Div32f                 F02E            Read_LM35 (main)

    -------------------------------------------------------------------------
  LIBRARY MODULE, NAME : ?DivMod816u

  SEGMENTS IN THE MODULE
  ======================
<CODE> 1 (was CODE)
  Relative segment, address: F554 - F56B (0x18 bytes), align: 1
  Segment part 1.
           ENTRY                   ADDRESS         REF BY
           =====                   =======         ======
           ?DivMod16u              F554            DOI (main)

    -------------------------------------------------------------------------
  LIBRARY MODULE, NAME : ?ShiftLeft16

  SEGMENTS IN THE MODULE
  ======================
<CODE> 1 (was CODE)
  Relative segment, address: F58E - F599 (0xc bytes), align: 1
  Segment part 0.
           ENTRY                   ADDRESS         REF BY
           =====                   =======         ======
           ?ShiftLeft16            F58E            Read_LM35 (main)

    -------------------------------------------------------------------------
  LIBRARY MODULE, NAME : ?memzero

  SEGMENTS IN THE MODULE
  ======================
<CODE> 1 (was CODE)
  Relative segment, address: F57E - F58D (0x10 bytes), align: 1
  Segment part 2.
           ENTRY                   ADDRESS         REF BY
           =====                   =======         ======
           __data16_memzero        F57E            ?cstart_init_zero (?cstart)

    -------------------------------------------------------------------------
  LIBRARY MODULE, NAME : ?__exit

  SEGMENTS IN THE MODULE
  ======================
<CODE> 1 (was CODE)
  Relative segment, address: F5A2 - F5A3 (0x2 bytes), align: 1
  Segment part 2.
           ENTRY                   ADDRESS         REF BY
           =====                   =======         ======
           __exit                  F5A2            Segment part 6 (?_exit)
                                                   _exit (?_exit)




                ****************************************
                *                                      *
                *      SEGMENTS IN ADDRESS ORDER       *
                *                                      *
                ****************************************


SEGMENT              SPACE    START ADDRESS   END ADDRESS     SIZE  TYPE  ALIGN
=======              =====    =============   ===========     ====  ====  =====
DATA16_AN                              0021 - 0022               2   rel    0
                                       0029 - 002A               2 
                                       004A - 004A               1 
                                       0056 - 0057               2 
                                       0120 - 0121               2 
                                       01B0 - 01B5               6 
DATA16_I                                  0200                       dse    0
DATA16_Z                               0200 - 0202               3   rel    1
CSTACK                                 03B0 - 03FF              50   rel    1
DATA16_AN                              10FE - 10FF               2   rel    0
DATA16_C                               F000 - F014              15   rel    1
CSTART                                 F016 - F02D              18   rel    1
<CODE> 1                               F02E - F5A3             576   rel    1
RESET                                  FFFE - FFFF               2   rel    1

                ****************************************
                *                                      *
                *        END OF CROSS REFERENCE        *
                *                                      *
                ****************************************

 1 424 bytes of CODE  memory
    83 bytes of DATA  memory (+ 17 absolute )
    21 bytes of CONST memory

Errors: none
Warnings: none

